filename: scripts/braid_geometry.py, modulename: braid_geometry, funcname: <genexpr>
filename: scripts/braid_geometry.py, modulename: braid_geometry, funcname: <lambda>
filename: scripts/braid_geometry.py, modulename: braid_geometry, funcname: <module>
filename: scripts/braid_geometry.py, modulename: braid_geometry, funcname: append_swept_mesh
filename: scripts/braid_geometry.py, modulename: braid_geometry, funcname: build_carrier_centerline
filename: scripts/braid_geometry.py, modulename: braid_geometry, funcname: build_carrier_records
filename: scripts/braid_geometry.py, modulename: braid_geometry, funcname: build_geometry
filename: scripts/braid_geometry.py, modulename: braid_geometry, funcname: build_rope
filename: scripts/braid_geometry.py, modulename: braid_geometry, funcname: carrier_dimensions
filename: scripts/braid_geometry.py, modulename: braid_geometry, funcname: carrier_direction
filename: scripts/braid_geometry.py, modulename: braid_geometry, funcname: carrier_events
filename: scripts/braid_geometry.py, modulename: braid_geometry, funcname: clamp
filename: scripts/braid_geometry.py, modulename: braid_geometry, funcname: common_report
filename: scripts/braid_geometry.py, modulename: braid_geometry, funcname: contact_amount
filename: scripts/braid_geometry.py, modulename: braid_geometry, funcname: cross
filename: scripts/braid_geometry.py, modulename: braid_geometry, funcname: crossing_span
filename: scripts/braid_geometry.py, modulename: braid_geometry, funcname: dot
filename: scripts/braid_geometry.py, modulename: braid_geometry, funcname: layer_order
filename: scripts/braid_geometry.py, modulename: braid_geometry, funcname: main
filename: scripts/braid_geometry.py, modulename: braid_geometry, funcname: multiply
filename: scripts/braid_geometry.py, modulename: braid_geometry, funcname: normalize
filename: scripts/braid_geometry.py, modulename: braid_geometry, funcname: normalize_hex
filename: scripts/braid_geometry.py, modulename: braid_geometry, funcname: orthogonalize
filename: scripts/braid_geometry.py, modulename: braid_geometry, funcname: periodic_crossing_lines
filename: scripts/braid_geometry.py, modulename: braid_geometry, funcname: plus_family_is_over
filename: scripts/braid_geometry.py, modulename: braid_geometry, funcname: record_to_yarn
filename: scripts/braid_geometry.py, modulename: braid_geometry, funcname: smootherstep
filename: scripts/braid_geometry.py, modulename: braid_geometry, funcname: subtract
filename: scripts/braid_geometry.py, modulename: braid_geometry, funcname: transported_frames
filename: scripts/braid_geometry.py, modulename: braid_geometry, funcname: vector_length
filename: scripts/braid_geometry.py, modulename: braid_geometry, funcname: world_centers
